// Jest Snapshot v1, https://goo.gl/fbAQLP

exports[`SearchBar test should show search bar with icon and placeholder on input element 1`] = `
<div>
  SearchBar {
    "capturePhoto": [Function],
    "clearContentContainer": [Function],
    "clearExpander": [Function],
    "clearMedia": [Function],
    "contentContainer": null,
    "defaultSearchIcon": "data:image/svg+xml;base64,PD94bWwgdmVyc2lvbj0iMS4wIiBlbmNvZGluZz0iVVRGLTgiPz4KPHN2ZyB3aWR0aD0iNDEwcHgiIGhlaWdodD0iNDEwcHgiIHZpZXdCb3g9IjAgMCA0MTAgNDEwIiB2ZXJzaW9uPSIxLjEiIHhtbG5zPSJodHRwOi8vd3d3LnczLm9yZy8yMDAwL3N2ZyIgeG1sbnM6eGxpbms9Imh0dHA6Ly93d3cudzMub3JnLzE5OTkveGxpbmsiPgogICAgPCEtLSBHZW5lcmF0b3I6IFNrZXRjaCA2NCAoOTM1MzcpIC0gaHR0cHM6Ly9za2V0Y2guY29tIC0tPgogICAgPHRpdGxlPlByb2R1Y3QgbG9nb19Db3JlX0NvbG9yZnVsPC90aXRsZT4KICAgIDxkZXNjPkNyZWF0ZWQgd2l0aCBTa2V0Y2guPC9kZXNjPgogICAgPGcgaWQ9Iumhtemdoi0xIiBzdHJva2U9Im5vbmUiIHN0cm9rZS13aWR0aD0iMSIgZmlsbD0ibm9uZSIgZmlsbC1ydWxlPSJldmVub2RkIj4KICAgICAgICA8ZyBpZD0iUHJvZHVjdC1sb2dvX0NvcmVfQ29sb3JmdWwiIGZpbGwtcnVsZT0ibm9uemVybyI+CiAgICAgICAgICAgIDxwYXRoIGQ9Ik0yNDcuODE2MjczLDE1My4yMTczNjggTDI0OS43MzA4MzIsMTUzLjI0MDUzMSBDMjg4LjIwODk3NCwxNTQuNjgzMDI3IDMwOS44NjQ2OSwxNzAuMzE1MTY2IDMyNy4xMDg5ODUsMTkzLjE1Nzg2MyBDMzE5LjIxNDY0MywyNzIuMzU1NTEyIDI1MC4wNjA3MTEsMzMwLjIwNTg3NSAxNzEuNTI0MjQzLDMyNi45OTY0NTIgQzEzMS41NjU5NzcsMzI0LjU5NjA3NCA5Ni42NjE3MDc5LDMwNi42MjYyNDMgNzEuNzI4NjYwMywyNzkuNTI0OTA0IEMxMTQuMzYxOTczLDIyMC43NDU5NzUgMTgzLjM2OTk5NCwxNTQuNDg2NTY3IDI0NS45MTAyLDE1My4yMzUyOTcgTDI0Ny44MTYyNzMsMTUzLjIxNzM2OCBaIiBpZD0i6Lev5b6EIiBmaWxsPSIjRkZDQzY2Ij48L3BhdGg+CiAgICAgICAgICAgIDxwYXRoIGQ9Ik0zOC42MTYzNTQ5LDIyMi4wNjY3MTkgTDM4LjY0NTc3OTQsMjIyLjAyNTkxMSBDNTMuNTM5MzMwNiwyMDAuMDk3NjYyIDc3LjM5NzEwMiwxNzguMzEwNzk4IDEwOS4zNTcxNzUsMTg3LjA3OTMzOSBDMTcwLjEzNDY3OCwyMDQuOTc0MzIxIDIyNy4xODU1MTcsMjQxLjYzMjY1IDI2MS45Njk5NDQsMjQwLjU5NzMzNyBDMjk1LjA3NDUxOSwyMzkuNjEyMDI0IDMwOC40NDI4MzEsMjI5Ljc2ODUyNCAzMjIuOTQ3NzU1LDIxNi4yNjU1MTkgQzMwNS4yNzE4OTgsMjgzLjMyODM3MiAyNDIuMTk2OTA1LDMyOS44ODQ1MTggMTcxLjUyNDI0MywzMjYuOTk2NDUyIEMxMDcuNTE0ODg4LDMyMy4xNTEyNzQgNTYuNDc0NTk3NCwyNzkuMzUzMzE3IDM4LjYxNjM1NDksMjIyLjA2NjcxOSBaIiBpZD0i6Lev5b6EIiBmaWxsPSIjRkY3NjczIj48L3BhdGg+CiAgICAgICAgICAgIDxwYXRoIGQ9Ik0xNDQuMTIxOTYsMjAwLjcwMDUzMyBMMTQ1LjM5NDI1OCwxOTkuNjI5NTA3IEwxNDguMDE3NTk3LDIwMC42Mjk1MzIgQzE5MC42ODcwNTMsMjE2Ljk5MTg4OSAyMjQuNjI0ODg1LDIzNC42NTgzNDggMjUxLjM5MjkzNywyMzkuMjE4NTM1IEMyODQuODcxNTU1LDI0NC45MjE5MyAzMDYuOTExMzA5LDIyOS4wODI2NDkgMzIzLjA5MDg3NiwyMTUuNzI3ODAyIEMzMDUuNjEwNzkxLDI4My4wNzc4MzUgMjQyLjM4Njc5MywzMjkuODkyMjc4IDE3MS41MjQyNDMsMzI2Ljk5NjQ1MiBDMTMyLjI5MjA2LDMyNC42Mzk2OTEgOTcuOTMxODcwNiwzMDcuMjc0MTYzIDczLjA5NzY4NjMsMjgwLjk5MzE5OCBDOTEuODQzMzY1MSwyNTIuODc3MjA0IDExNi43MjExNDQsMjIzLjkyMTM2OSAxNDQuMTIxOTYsMjAwLjcwMDUzMyBaIiBpZD0i6Lev5b6EIiBmaWxsPSIjRkY5RjczIj48L3BhdGg+CiAgICAgICAgICAgIDxwYXRoIGQ9Ik0zMzkuODExMzg4LDMwMy41MjA0NjEgTDM5OS42MTMyOTksMzU3LjI2ODUzOCBDNDEyLjAwNDI4NSwzNjguNDA1MjQgNDEzLjAwNzA4OCwzODcuNDM2NCA0MDEuODU0NjU4LDM5OS44MDQ5NjcgQzM5MC44NDA4MDUsNDEyLjAxOTg0NiAzNzIuMDUzODAyLDQxMy4xMzY5MzcgMzU5LjY2NTE1Miw0MDIuNDAxMzA2IEwzNTkuMjQ5MTk3LDQwMi4wMzQyMTcgTDI5Ni4wOTAyNzQsMzQ1LjI2ODM1NSBDMzEyLjY3NTc1MSwzMzMuNjA4MDA1IDMyNy40MjI1NzcsMzE5LjUxOTIxOCAzMzkuODExMzg4LDMwMy41MjA0NjEgWiBNMC41NTAwMzIxOTIsMTY4LjQ4MjU2OCBDNS45MTU2MzY4OCw3MC4wNjA2NjE5IDkxLjc2NTMxMTksLTUuMDk3ODg0NzQgMTkwLjEzNDczMSwwLjI3MDU4Mjg4MSBDMjg4LjUwNDE1LDcuNDI4NTM5ODQgMzY1LjQxMTE1MSw5MS41MzQ1MzI4IDM1OC4yNTcwMTEsMTg5Ljk1NjQzOSBDMzUxLjEwMjg3MiwyODguMzc4MzQ1IDI2Ny4wNDE3MzIsMzYzLjUzNjg5MSAxNjguNjcyMzEzLDM1OC4xNjg0MjQgQzcwLjMwMjg5MzEsMzUyLjc5OTk1NiAtNC44MTU1NzI1LDI2Ni45MDQ0NzUgMC41NTAwMzIxOTIsMTY4LjQ4MjU2OCBaIE0xODcuOTUyMTI3LDMwLjkzOTA5ODEgQzEwNy40NTU0OTcsMjcuNjQ5NTcxNyAzNS4xNzI4MDk1LDkwLjE1MDU2ODUgMzEuODg3MjMyNSwxNzAuNzQzOTU5IEMyOC42MDE2NTU1LDI1MS4zMzczNSA4OS4zODQ4MjUxLDMyMi4wNjIxNjMgMTcxLjUyNDI0MywzMjYuOTk2NDUyIEMyNTIuMDIwODczLDMzMC4yODU5NzggMzIyLjY2MDc3MywyNjkuNDI5NzQ0IDMyNy41ODkxMzgsMTg3LjE5MTU5IEMzMzAuODQxODU5LDEwNy40MDQxMzQgMjcxLjMwMDgwMSwzNy4yODg4NzA1IDE5MC40MDk4NiwzMS4xMDY4MDggTDE4Ny45NTIxMjcsMzAuOTM5MDk4MSBaIiBpZD0i5b2i54q2IiBmaWxsPSIjMDA5OTk5Ij48L3BhdGg+CiAgICAgICAgPC9nPgogICAgPC9nPgo8L3N2Zz4=",
    "dragCounter": 0,
    "getMediaDevices": [Function],
    "getScreenMediaStream": [Function],
    "getUserMediaStream": [Function],
    "handleDrag": [Function],
    "handleDragLeave": [Function],
    "handleDrop": [Function],
    "handleUpload": [Function],
    "init": [Function],
    "listenForEnter": [Function],
    "overlay": null,
    "preventDefaults": [Function],
    "renderPreviewTab": [Function],
    "renderResult": [Function],
    "resultsView": "list",
    "search": [Function],
    "searchIcon": null,
    "searchInput": null,
    "setResultsView": [Function],
    "settings": Object {
      "floaterIcon": "color",
      "resultsLocation": "dropdown",
      "searchIcon": "color",
      "showDropzone": true,
      "theme": "default",
      "typewriterDelayCharacter": 50,
      "typewriterDelayItem": 1000,
      "typewriterEffect": false,
      "userMediaHeight": 500,
      "userMediaWidth": 300,
    },
    "showCaptureAudio": [Function],
    "showCaptureMedia": [Function],
    "showContentContainer": [Function],
    "showError": [Function],
    "showInputOptions": [Function],
    "showLiveSearch": [Function],
    "showLoading": [Function],
    "showResults": [Function],
    "showReviewMedia": [Function],
    "startLiveSearch": [Function],
    "startMediaRecord": [Function],
    "stopMediaRecord": [Function],
    "toggleLiveSearch": [Function],
    "typeWriter": [Function],
    "updateStreamSource": [Function],
  }
</div>
`;
